2025-06-09 21:28:47 - divide started
2025-06-09 21:28:47 - divide error: ZeroDivisionError. Inputs: (10.0, 0.0), {}
